[2026-04-23 18:37:40] ========================================
[2026-04-23 18:37:40] 데이터베이스 백업 시작
[2026-04-23 18:37:40] ========================================
[2026-04-23 18:37:40] 📊 원본 DB 크기：132K
[2026-04-23 18:37:40] ✅ 백업 완료: /home/devuser/aihub/scripts/../backups/aihub_backup_20260423_183740.db
[2026-04-23 18:37:40] 📊 백업 파일 크기：132K
[2026-04-23 18:37:40] 🧹 구 백업 파일 정리 (7 일 초과 삭제)...
[2026-04-23 18:37:40]   삭제된 파일 없음
[2026-04-23 18:37:40] ========================================
[2026-04-23 18:37:40] ✅ 백업 완료!
[2026-04-23 18:37:40] 현재 백업 파일 수：10 개
[2026-04-23 18:37:40] 백업 디렉토리 총 크기：1.3M
[2026-04-23 18:37:40] ========================================
[2026-04-23 18:37:40] 최근 5 개 백업 파일:
[2026-04-23 18:37:40]   aihub_backup_20260423_183740.db (132K)
[2026-04-23 18:37:40]   aihub_backup_20260423_164252.db (132K)
[2026-04-23 18:37:40]   aihub_backup_20260423_163526.db (132K)
[2026-04-23 18:37:40]   aihub_backup_20260423_163057.db (132K)
[2026-04-23 18:37:40]   aihub_backup_20260421_193925.db (120K)
[2026-04-23 21:00:01] ========================================
[2026-04-23 21:00:01] 데이터베이스 백업 시작
[2026-04-23 21:00:01] ========================================
[2026-04-23 21:00:01] 📊 원본 DB 크기：132K
[2026-04-23 21:00:01] ✅ 백업 완료: /home/devuser/aihub/scripts/../backups/aihub_backup_20260423_210001.db
[2026-04-23 21:00:01] 📊 백업 파일 크기：132K
[2026-04-23 21:00:01] 🧹 구 백업 파일 정리 (7 일 초과 삭제)...
[2026-04-23 21:00:01]   삭제된 파일 없음
[2026-04-23 21:00:02] ========================================
[2026-04-23 21:00:02] ✅ 백업 완료!
[2026-04-23 21:00:02] 현재 백업 파일 수：11 개
[2026-04-23 21:00:02] 백업 디렉토리 총 크기：1.4M
[2026-04-23 21:00:02] ========================================
[2026-04-23 21:00:02] 최근 5 개 백업 파일:
[2026-04-23 21:00:02]   aihub_backup_20260423_210001.db (132K)
[2026-04-23 21:00:02]   aihub_backup_20260423_183740.db (132K)
[2026-04-23 21:00:02]   aihub_backup_20260423_164252.db (132K)
[2026-04-23 21:00:02]   aihub_backup_20260423_163526.db (132K)
[2026-04-23 21:00:02]   aihub_backup_20260423_163057.db (132K)
[2026-04-24 21:00:01] ========================================
[2026-04-24 21:00:01] 데이터베이스 백업 시작
[2026-04-24 21:00:01] ========================================
[2026-04-24 21:00:01] 📊 원본 DB 크기：132K
[2026-04-24 21:00:01] ✅ 백업 완료: /home/devuser/aihub/scripts/../backups/aihub_backup_20260424_210001.db
[2026-04-24 21:00:01] 📊 백업 파일 크기：132K
[2026-04-24 21:00:01] 🧹 구 백업 파일 정리 (7 일 초과 삭제)...
[2026-04-24 21:00:01]   삭제된 파일 없음
[2026-04-24 21:00:01] ========================================
[2026-04-24 21:00:01] ✅ 백업 완료!
[2026-04-24 21:00:01] 현재 백업 파일 수：12 개
[2026-04-24 21:00:01] 백업 디렉토리 총 크기：1.5M
[2026-04-24 21:00:01] ========================================
[2026-04-24 21:00:01] 최근 5 개 백업 파일:
[2026-04-24 21:00:01]   aihub_backup_20260424_210001.db (132K)
[2026-04-24 21:00:01]   aihub_backup_20260423_210001.db (132K)
[2026-04-24 21:00:01]   aihub_backup_20260423_183740.db (132K)
[2026-04-24 21:00:01]   aihub_backup_20260423_164252.db (132K)
[2026-04-24 21:00:01]   aihub_backup_20260423_163526.db (132K)
[2026-04-25 21:00:01] ========================================
[2026-04-25 21:00:01] 데이터베이스 백업 시작
[2026-04-25 21:00:01] ========================================
[2026-04-25 21:00:01] 📊 원본 DB 크기：132K
[2026-04-25 21:00:01] ✅ 백업 완료: /home/devuser/aihub/scripts/../backups/aihub_backup_20260425_210001.db
[2026-04-25 21:00:01] 📊 백업 파일 크기：132K
[2026-04-25 21:00:01] 🧹 구 백업 파일 정리 (7 일 초과 삭제)...
[2026-04-25 21:00:01]   삭제：aihub_backup_20260416_210045.db
[2026-04-25 21:00:01]   삭제：aihub_backup_20260417_183359.db
[2026-04-25 21:00:01]   총 2 개 파일 삭제
[2026-04-25 21:00:01] ========================================
[2026-04-25 21:00:01] ✅ 백업 완료!
[2026-04-25 21:00:01] 현재 백업 파일 수：11 개
[2026-04-25 21:00:01] 백업 디렉토리 총 크기：1.4M
[2026-04-25 21:00:01] ========================================
[2026-04-25 21:00:01] 최근 5 개 백업 파일:
[2026-04-25 21:00:01]   aihub_backup_20260425_210001.db (132K)
[2026-04-25 21:00:01]   aihub_backup_20260424_210001.db (132K)
[2026-04-25 21:00:01]   aihub_backup_20260423_210001.db (132K)
[2026-04-25 21:00:01]   aihub_backup_20260423_183740.db (132K)
[2026-04-25 21:00:01]   aihub_backup_20260423_164252.db (132K)
[2026-04-26 21:00:01] ========================================
[2026-04-26 21:00:01] 데이터베이스 백업 시작
[2026-04-26 21:00:01] ========================================
[2026-04-26 21:00:01] 📊 원본 DB 크기：132K
[2026-04-26 21:00:01] ✅ 백업 완료: /home/devuser/aihub/scripts/../backups/aihub_backup_20260426_210001.db
[2026-04-26 21:00:01] 📊 백업 파일 크기：132K
[2026-04-26 21:00:01] 🧹 구 백업 파일 정리 (7 일 초과 삭제)...
[2026-04-26 21:00:01]   삭제된 파일 없음
[2026-04-26 21:00:01] ========================================
[2026-04-26 21:00:01] ✅ 백업 완료!
[2026-04-26 21:00:01] 현재 백업 파일 수：12 개
[2026-04-26 21:00:01] 백업 디렉토리 총 크기：1.5M
[2026-04-26 21:00:01] ========================================
[2026-04-26 21:00:01] 최근 5 개 백업 파일:
[2026-04-26 21:00:01]   aihub_backup_20260426_210001.db (132K)
[2026-04-26 21:00:01]   aihub_backup_20260425_210001.db (132K)
[2026-04-26 21:00:01]   aihub_backup_20260424_210001.db (132K)
[2026-04-26 21:00:01]   aihub_backup_20260423_210001.db (132K)
[2026-04-26 21:00:01]   aihub_backup_20260423_183740.db (132K)
[2026-04-27 21:00:01] ========================================
[2026-04-27 21:00:01] 데이터베이스 백업 시작
[2026-04-27 21:00:01] ========================================
[2026-04-27 21:00:01] 📊 원본 DB 크기：132K
[2026-04-27 21:00:01] ✅ 백업 완료: /home/devuser/aihub/scripts/../backups/aihub_backup_20260427_210001.db
[2026-04-27 21:00:01] 📊 백업 파일 크기：132K
[2026-04-27 21:00:01] 🧹 구 백업 파일 정리 (7 일 초과 삭제)...
[2026-04-27 21:00:01]   삭제된 파일 없음
[2026-04-27 21:00:01] ========================================
[2026-04-27 21:00:01] ✅ 백업 완료!
[2026-04-27 21:00:01] 현재 백업 파일 수：15 개
[2026-04-27 21:00:01] 백업 디렉토리 총 크기：1.9M
[2026-04-27 21:00:01] ========================================
[2026-04-27 21:00:01] 최근 5 개 백업 파일:
[2026-04-27 21:00:01]   aihub_backup_20260427_210001.db (132K)
[2026-04-27 21:00:01]   aihub_backup_20260427_191611.db (132K)
[2026-04-27 21:00:01]   aihub_backup_20260427_185646.db (132K)
[2026-04-27 21:00:01]   aihub_backup_20260426_210001.db (132K)
[2026-04-27 21:00:01]   aihub_backup_20260425_210001.db (132K)
[2026-04-28 21:00:01] ========================================
[2026-04-28 21:00:01] 데이터베이스 백업 시작
[2026-04-28 21:00:01] ========================================
[2026-04-28 21:00:01] 📊 원본 DB 크기：132K
[2026-04-28 21:00:01] ✅ 백업 완료: /home/devuser/aihub/scripts/../backups/aihub_backup_20260428_210001.db
[2026-04-28 21:00:01] 📊 백업 파일 크기：132K
[2026-04-28 21:00:01] 🧹 구 백업 파일 정리 (7 일 초과 삭제)...
[2026-04-28 21:00:01]   삭제된 파일 없음
[2026-04-28 21:00:01] ========================================
[2026-04-28 21:00:01] ✅ 백업 완료!
[2026-04-28 21:00:01] 현재 백업 파일 수：16 개
[2026-04-28 21:00:01] 백업 디렉토리 총 크기：2.1M
[2026-04-28 21:00:01] ========================================
[2026-04-28 21:00:01] 최근 5 개 백업 파일:
[2026-04-28 21:00:01]   aihub_backup_20260428_210001.db (132K)
[2026-04-28 21:00:01]   aihub_backup_20260427_210001.db (132K)
[2026-04-28 21:00:01]   aihub_backup_20260427_191611.db (132K)
[2026-04-28 21:00:01]   aihub_backup_20260427_185646.db (132K)
[2026-04-28 21:00:01]   aihub_backup_20260426_210001.db (132K)
[2026-04-29 21:00:01] ========================================
[2026-04-29 21:00:01] 데이터베이스 백업 시작
[2026-04-29 21:00:01] ========================================
[2026-04-29 21:00:01] 📊 원본 DB 크기：132K
[2026-04-29 21:00:01] ✅ 백업 완료: /home/devuser/aihub/scripts/../backups/aihub_backup_20260429_210001.db
[2026-04-29 21:00:01] 📊 백업 파일 크기：132K
[2026-04-29 21:00:01] 🧹 구 백업 파일 정리 (7 일 초과 삭제)...
[2026-04-29 21:00:01]   삭제：aihub_backup_20260421_192423.db
[2026-04-29 21:00:01]   삭제：aihub_backup_20260421_193657.db
[2026-04-29 21:00:01]   삭제：aihub_backup_20260421_193854.db
[2026-04-29 21:00:01]   삭제：aihub_backup_20260421_193925.db
[2026-04-29 21:00:01]   총 4 개 파일 삭제
[2026-04-29 21:00:01] ========================================
[2026-04-29 21:00:01] ✅ 백업 완료!
[2026-04-29 21:00:01] 현재 백업 파일 수：13 개
[2026-04-29 21:00:01] 백업 디렉토리 총 크기：1.7M
[2026-04-29 21:00:01] ========================================
[2026-04-29 21:00:01] 최근 5 개 백업 파일:
[2026-04-29 21:00:01]   aihub_backup_20260429_210001.db (132K)
[2026-04-29 21:00:01]   aihub_backup_20260428_210001.db (132K)
[2026-04-29 21:00:01]   aihub_backup_20260427_210001.db (132K)
[2026-04-29 21:00:01]   aihub_backup_20260427_191611.db (132K)
[2026-04-29 21:00:01]   aihub_backup_20260427_185646.db (132K)
[2026-04-30 21:00:01] ========================================
[2026-04-30 21:00:01] 데이터베이스 백업 시작
[2026-04-30 21:00:01] ========================================
[2026-04-30 21:00:01] 📊 원본 DB 크기：136K
[2026-04-30 21:00:01] ✅ 백업 완료: /home/devuser/aihub/scripts/../backups/aihub_backup_20260430_210001.db
[2026-04-30 21:00:01] 📊 백업 파일 크기：136K
[2026-04-30 21:00:01] 🧹 구 백업 파일 정리 (7 일 초과 삭제)...
[2026-04-30 21:00:01]   삭제된 파일 없음
[2026-04-30 21:00:01] ========================================
[2026-04-30 21:00:01] ✅ 백업 완료!
[2026-04-30 21:00:01] 현재 백업 파일 수：14 개
[2026-04-30 21:00:01] 백업 디렉토리 총 크기：1.9M
[2026-04-30 21:00:01] ========================================
[2026-04-30 21:00:01] 최근 5 개 백업 파일:
[2026-04-30 21:00:01]   aihub_backup_20260430_210001.db (136K)
[2026-04-30 21:00:01]   aihub_backup_20260429_210001.db (132K)
[2026-04-30 21:00:01]   aihub_backup_20260428_210001.db (132K)
[2026-04-30 21:00:01]   aihub_backup_20260427_210001.db (132K)
[2026-04-30 21:00:01]   aihub_backup_20260427_191611.db (132K)
[2026-05-01 21:00:01] ========================================
[2026-05-01 21:00:01] 데이터베이스 백업 시작
[2026-05-01 21:00:01] ========================================
[2026-05-01 21:00:01] 📊 원본 DB 크기：136K
[2026-05-01 21:00:01] ✅ 백업 완료: /home/devuser/aihub/scripts/../backups/aihub_backup_20260501_210001.db
[2026-05-01 21:00:01] 📊 백업 파일 크기：136K
[2026-05-01 21:00:01] 🧹 구 백업 파일 정리 (7 일 초과 삭제)...
[2026-05-01 21:00:01]   삭제：aihub_backup_20260423_163057.db
[2026-05-01 21:00:01]   삭제：aihub_backup_20260423_163526.db
[2026-05-01 21:00:01]   삭제：aihub_backup_20260423_164252.db
[2026-05-01 21:00:01]   삭제：aihub_backup_20260423_183740.db
[2026-05-01 21:00:01]   총 4 개 파일 삭제
[2026-05-01 21:00:01] ========================================
[2026-05-01 21:00:01] ✅ 백업 완료!
[2026-05-01 21:00:01] 현재 백업 파일 수：11 개
[2026-05-01 21:00:01] 백업 디렉토리 총 크기：1.5M
[2026-05-01 21:00:01] ========================================
[2026-05-01 21:00:01] 최근 5 개 백업 파일:
[2026-05-01 21:00:01]   aihub_backup_20260501_210001.db (136K)
[2026-05-01 21:00:01]   aihub_backup_20260430_210001.db (136K)
[2026-05-01 21:00:01]   aihub_backup_20260429_210001.db (132K)
[2026-05-01 21:00:01]   aihub_backup_20260428_210001.db (132K)
[2026-05-01 21:00:01]   aihub_backup_20260427_210001.db (132K)
[2026-05-02 21:00:01] ========================================
[2026-05-02 21:00:01] 데이터베이스 백업 시작
[2026-05-02 21:00:01] ========================================
[2026-05-02 21:00:01] 📊 원본 DB 크기：136K
[2026-05-02 21:00:01] ✅ 백업 완료: /home/devuser/aihub/scripts/../backups/aihub_backup_20260502_210001.db
[2026-05-02 21:00:01] 📊 백업 파일 크기：136K
[2026-05-02 21:00:01] 🧹 구 백업 파일 정리 (7 일 초과 삭제)...
[2026-05-02 21:00:01]   삭제：aihub_backup_20260423_210001.db
[2026-05-02 21:00:01]   총 1 개 파일 삭제
[2026-05-02 21:00:01] ========================================
[2026-05-02 21:00:01] ✅ 백업 완료!
[2026-05-02 21:00:01] 현재 백업 파일 수：11 개
[2026-05-02 21:00:01] 백업 디렉토리 총 크기：1.5M
[2026-05-02 21:00:01] ========================================
[2026-05-02 21:00:01] 최근 5 개 백업 파일:
[2026-05-02 21:00:01]   aihub_backup_20260502_210001.db (136K)
[2026-05-02 21:00:01]   aihub_backup_20260501_210001.db (136K)
[2026-05-02 21:00:01]   aihub_backup_20260430_210001.db (136K)
[2026-05-02 21:00:01]   aihub_backup_20260429_210001.db (132K)
[2026-05-02 21:00:01]   aihub_backup_20260428_210001.db (132K)
[2026-05-03 21:00:01] ========================================
[2026-05-03 21:00:01] 데이터베이스 백업 시작
[2026-05-03 21:00:01] ========================================
[2026-05-03 21:00:01] 📊 원본 DB 크기：136K
[2026-05-03 21:00:01] ✅ 백업 완료: /home/devuser/aihub/scripts/../backups/aihub_backup_20260503_210001.db
[2026-05-03 21:00:01] 📊 백업 파일 크기：136K
[2026-05-03 21:00:01] 🧹 구 백업 파일 정리 (7 일 초과 삭제)...
[2026-05-03 21:00:01]   삭제：aihub_backup_20260424_210001.db
[2026-05-03 21:00:01]   총 1 개 파일 삭제
[2026-05-03 21:00:01] ========================================
[2026-05-03 21:00:01] ✅ 백업 완료!
[2026-05-03 21:00:01] 현재 백업 파일 수：11 개
[2026-05-03 21:00:01] 백업 디렉토리 총 크기：1.5M
[2026-05-03 21:00:01] ========================================
[2026-05-03 21:00:01] 최근 5 개 백업 파일:
[2026-05-03 21:00:01]   aihub_backup_20260503_210001.db (136K)
[2026-05-03 21:00:01]   aihub_backup_20260502_210001.db (136K)
[2026-05-03 21:00:01]   aihub_backup_20260501_210001.db (136K)
[2026-05-03 21:00:01]   aihub_backup_20260430_210001.db (136K)
[2026-05-03 21:00:01]   aihub_backup_20260429_210001.db (132K)
[2026-05-04 21:00:01] ========================================
[2026-05-04 21:00:01] 데이터베이스 백업 시작
[2026-05-04 21:00:01] ========================================
[2026-05-04 21:00:01] 📊 원본 DB 크기：136K
[2026-05-04 21:00:01] ✅ 백업 완료: /home/devuser/aihub/scripts/../backups/aihub_backup_20260504_210001.db
[2026-05-04 21:00:01] 📊 백업 파일 크기：136K
[2026-05-04 21:00:01] 🧹 구 백업 파일 정리 (7 일 초과 삭제)...
[2026-05-04 21:00:01]   삭제：aihub_backup_20260425_210001.db
[2026-05-04 21:00:01]   총 1 개 파일 삭제
[2026-05-04 21:00:01] ========================================
[2026-05-04 21:00:01] ✅ 백업 완료!
[2026-05-04 21:00:01] 현재 백업 파일 수：11 개
[2026-05-04 21:00:01] 백업 디렉토리 총 크기：1.5M
[2026-05-04 21:00:01] ========================================
[2026-05-04 21:00:01] 최근 5 개 백업 파일:
[2026-05-04 21:00:01]   aihub_backup_20260504_210001.db (136K)
[2026-05-04 21:00:01]   aihub_backup_20260503_210001.db (136K)
[2026-05-04 21:00:01]   aihub_backup_20260502_210001.db (136K)
[2026-05-04 21:00:01]   aihub_backup_20260501_210001.db (136K)
[2026-05-04 21:00:01]   aihub_backup_20260430_210001.db (136K)
[2026-05-05 21:00:01] ========================================
[2026-05-05 21:00:01] 데이터베이스 백업 시작
[2026-05-05 21:00:01] ========================================
[2026-05-05 21:00:01] 📊 원본 DB 크기：136K
[2026-05-05 21:00:01] ✅ 백업 완료: /home/devuser/aihub/scripts/../backups/aihub_backup_20260505_210001.db
[2026-05-05 21:00:01] 📊 백업 파일 크기：136K
[2026-05-05 21:00:01] 🧹 구 백업 파일 정리 (7 일 초과 삭제)...
[2026-05-05 21:00:01]   삭제：aihub_backup_20260426_210001.db
[2026-05-05 21:00:01]   삭제：aihub_backup_20260427_185646.db
[2026-05-05 21:00:01]   삭제：aihub_backup_20260427_191611.db
[2026-05-05 21:00:01]   총 3 개 파일 삭제
[2026-05-05 21:00:01] ========================================
[2026-05-05 21:00:01] ✅ 백업 완료!
[2026-05-05 21:00:01] 현재 백업 파일 수：9 개
[2026-05-05 21:00:01] 백업 디렉토리 총 크기：1.2M
[2026-05-05 21:00:01] ========================================
[2026-05-05 21:00:01] 최근 5 개 백업 파일:
[2026-05-05 21:00:01]   aihub_backup_20260505_210001.db (136K)
[2026-05-05 21:00:01]   aihub_backup_20260504_210001.db (136K)
[2026-05-05 21:00:01]   aihub_backup_20260503_210001.db (136K)
[2026-05-05 21:00:01]   aihub_backup_20260502_210001.db (136K)
[2026-05-05 21:00:01]   aihub_backup_20260501_210001.db (136K)
[2026-05-06 21:00:01] ========================================
[2026-05-06 21:00:01] 데이터베이스 백업 시작
[2026-05-06 21:00:01] ========================================
[2026-05-06 21:00:01] 📊 원본 DB 크기：132K
[2026-05-06 21:00:01] ✅ 백업 완료: /home/devuser/aihub/scripts/../backups/aihub_backup_20260506_210001.db
[2026-05-06 21:00:01] 📊 백업 파일 크기：132K
[2026-05-06 21:00:01] 🧹 구 백업 파일 정리 (7 일 초과 삭제)...
[2026-05-06 21:00:01]   삭제：aihub_backup_20260427_210001.db
[2026-05-06 21:00:01]   삭제：aihub_backup_20260428_210001.db
[2026-05-06 21:00:01]   총 2 개 파일 삭제
[2026-05-06 21:00:01] ========================================
[2026-05-06 21:00:01] ✅ 백업 완료!
[2026-05-06 21:00:01] 현재 백업 파일 수：8 개
[2026-05-06 21:00:01] 백업 디렉토리 총 크기：1.1M
[2026-05-06 21:00:01] ========================================
[2026-05-06 21:00:01] 최근 5 개 백업 파일:
[2026-05-06 21:00:01]   aihub_backup_20260506_210001.db (132K)
[2026-05-06 21:00:01]   aihub_backup_20260505_210001.db (136K)
[2026-05-06 21:00:01]   aihub_backup_20260504_210001.db (136K)
[2026-05-06 21:00:01]   aihub_backup_20260503_210001.db (136K)
[2026-05-06 21:00:01]   aihub_backup_20260502_210001.db (136K)
[2026-05-07 21:00:01] ========================================
[2026-05-07 21:00:01] 데이터베이스 백업 시작
[2026-05-07 21:00:01] ========================================
[2026-05-07 21:00:01] 📊 원본 DB 크기：136K
[2026-05-07 21:00:01] ✅ 백업 완료: /home/devuser/aihub/scripts/../backups/aihub_backup_20260507_210001.db
[2026-05-07 21:00:01] 📊 백업 파일 크기：136K
[2026-05-07 21:00:01] 🧹 구 백업 파일 정리 (7 일 초과 삭제)...
[2026-05-07 21:00:01]   삭제된 파일 없음
[2026-05-07 21:00:01] ========================================
[2026-05-07 21:00:01] ✅ 백업 완료!
[2026-05-07 21:00:01] 현재 백업 파일 수：9 개
[2026-05-07 21:00:01] 백업 디렉토리 총 크기：1.2M
[2026-05-07 21:00:01] ========================================
[2026-05-07 21:00:01] 최근 5 개 백업 파일:
[2026-05-07 21:00:01]   aihub_backup_20260507_210001.db (136K)
[2026-05-07 21:00:01]   aihub_backup_20260506_210001.db (132K)
[2026-05-07 21:00:01]   aihub_backup_20260505_210001.db (136K)
[2026-05-07 21:00:01]   aihub_backup_20260504_210001.db (136K)
[2026-05-07 21:00:01]   aihub_backup_20260503_210001.db (136K)
[2026-05-08 21:00:01] ========================================
[2026-05-08 21:00:01] 데이터베이스 백업 시작
[2026-05-08 21:00:01] ========================================
[2026-05-08 21:00:01] 📊 원본 DB 크기：136K
[2026-05-08 21:00:01] ✅ 백업 완료: /home/devuser/aihub/scripts/../backups/aihub_backup_20260508_210001.db
[2026-05-08 21:00:01] 📊 백업 파일 크기：136K
[2026-05-08 21:00:01] 🧹 구 백업 파일 정리 (7 일 초과 삭제)...
[2026-05-08 21:00:01]   삭제：aihub_backup_20260429_210001.db
[2026-05-08 21:00:01]   총 1 개 파일 삭제
[2026-05-08 21:00:01] ========================================
[2026-05-08 21:00:01] ✅ 백업 완료!
[2026-05-08 21:00:01] 현재 백업 파일 수：9 개
[2026-05-08 21:00:01] 백업 디렉토리 총 크기：1.2M
[2026-05-08 21:00:01] ========================================
[2026-05-08 21:00:01] 최근 5 개 백업 파일:
[2026-05-08 21:00:01]   aihub_backup_20260508_210001.db (136K)
[2026-05-08 21:00:01]   aihub_backup_20260507_210001.db (136K)
[2026-05-08 21:00:01]   aihub_backup_20260506_210001.db (132K)
[2026-05-08 21:00:01]   aihub_backup_20260505_210001.db (136K)
[2026-05-08 21:00:01]   aihub_backup_20260504_210001.db (136K)
[2026-05-09 21:00:01] ========================================
[2026-05-09 21:00:01] 데이터베이스 백업 시작
[2026-05-09 21:00:01] ========================================
[2026-05-09 21:00:01] 📊 원본 DB 크기：136K
[2026-05-09 21:00:01] ✅ 백업 완료: /home/devuser/aihub/scripts/../backups/aihub_backup_20260509_210001.db
[2026-05-09 21:00:01] 📊 백업 파일 크기：136K
[2026-05-09 21:00:01] 🧹 구 백업 파일 정리 (7 일 초과 삭제)...
[2026-05-09 21:00:01]   삭제：aihub_backup_20260430_210001.db
[2026-05-09 21:00:01]   삭제：aihub_backup_20260501_210001.db
[2026-05-09 21:00:01]   총 2 개 파일 삭제
[2026-05-09 21:00:01] ========================================
[2026-05-09 21:00:01] ✅ 백업 완료!
[2026-05-09 21:00:01] 현재 백업 파일 수：8 개
[2026-05-09 21:00:01] 백업 디렉토리 총 크기：1.1M
[2026-05-09 21:00:01] ========================================
[2026-05-09 21:00:01] 최근 5 개 백업 파일:
[2026-05-09 21:00:01]   aihub_backup_20260509_210001.db (136K)
[2026-05-09 21:00:01]   aihub_backup_20260508_210001.db (136K)
[2026-05-09 21:00:01]   aihub_backup_20260507_210001.db (136K)
[2026-05-09 21:00:01]   aihub_backup_20260506_210001.db (132K)
[2026-05-09 21:00:01]   aihub_backup_20260505_210001.db (136K)
